[2J[01;01H[=3h[2J[01;01H[2J[01;01H[8;056;240t0[2J[01;01H[2J[01;01H[=3h[2J[01;01H[2J[01;01H[8;042;160t0[2J[01;01HBdsDxe: loading Boot0002 "UEFI QEMU DVD-ROM QM00003 " from PciRoot(0x0)/Pci(0x1,0x1)/Ata(Secondary,Master,0x0)
BdsDxe: starting Boot0002 "UEFI QEMU DVD-ROM QM00003 " from PciRoot(0x0)/Pci(0x1,0x1)/Ata(Secondary,Master,0x0)
[2J[01;01H[01;01H[2J[01;01H[01;01H--- sandfleaOS Kernel Entry ---
Serial: COM1 (PRIMARY) ready
Serial: COM2 (TEST) ready
Serial: COM3 (PROFILE) ready
CPU: enabling SSE...
CPU: SSE extensions enabled
PROFILE: initializing...
PROFILE: init done
PROFILE: boot marker emitted
VMM: Virtual Memory Management initialized
PMM: Physical Memory Management initialized
APIC timer initialized
IDT: Interrupts and GDT stubs initialized
VMM: Expanding heap from FFFFFFFF88000000 to FFFFFFFF88040000 (needed 40000)
Kernel Heap Initialized
Heap: kmalloc initialized and ready for allocations
Scheduler: Multi-threading support initialized
Enumerating pci...
PCI: System bus scanned
xHCI: scanning PCI class 0x0C / sub 0x03 / prog-IF 0x30...
xHCI: 1b36:000d at 00:04.0, BAR0=0x000000c000000000
xHCI: probe done, 1 controller(s) listed.
xHCI: initialising controller at 00:04.0
xHCI: BAR0 0x000000c000000000 → virt 0xffffffff20000000
xHCI: CAPLENGTH=0x40 Slots=64 Ports=8 DBOFF=0x2000 RTSOFF=0x1000
xHCI: controller halted
xHCI: HCRST complete
xHCI: CNR cleared
xHCI: DCBAA at phys 0x000000007fea9000, 64 slots
xHCI: command ring at phys 0x000000007fe9a000
xHCI: event ring at phys 0x000000007fe98000
xHCI: controller running, rings operational
xHCI: controller initialised, scanning ports...
xHCI: port 1 — no device connected
xHCI: port 2 — no device connected
xHCI: port 3 — no device connected
xHCI: port 4 — no device connected
xHCI: port 5 reset — speed=3
xHCI: port 5 reset done, enabled
xHCI: POST type=9 slot=0 parm=0x0000000000000000 stat=0x00000000 ctrl=0x00002400
xHCI: port 5 status change event
xHCI: EVT cmd-compl code=1 slot=1 evt(raw)=000000007fe9a000_01000000_01008401
xHCI: enable slot → 1
xHCI: ADDR-DEV slot=1 port=5 speed=3 set_addr=1
xHCI:   SC dw0=08300000 dw1=00050000 dw2=00000000 dw3=00000000
xHCI:   SC dw4=10000001 dw5=00000000 dw6=00000000 dw7=00000000
xHCI:  EP0 dw0=40000000 dw1=00000008 dw2=7fe97001 dw3=00000000
xHCI:  EP0 dw4=00000008 tr_phys=0x000000007fe97000
xHCI:  ictx_phys=0x000000007fea7000 add_flags=0x00000003
xHCI: POST type=11 slot=1 parm=0x000000007fea7000 stat=0x00000000 ctrl=0x01002c00
xHCI: EVT cmd-compl code=1 slot=1 evt(raw)=000000007fe9a010_01000000_01008401
xHCI: slot 1 addressed (BSR=0)
xHCI:  output EP0 dw0=40000001 dw1=00000008 dw2=7fe97001 dw3=00000000 (DCS=1)
xHCI: transfer timeout
xHCI: control transfer timeout (slot 1)
xHCI: GET_DESCRIPTOR(18) failed on slot 1
xHCI: port 6 — no device connected
xHCI: port 7 — no device connected
xHCI: port 8 — no device connected
VMM: Expanding heap from FFFFFFFF88040000 to FFFFFFFF88429000 (needed 3E8020)
Video: Primary display surface address: ffffffff88040020, width=1280, height=800
Video: 1 framebuffer(s) found. Primary: 1280x800 32bpp
Kernel Stack Pointer: FFFF800079F4BFC0
Font: SSFN regular font loaded
Memory: Total 2030 MiB, Usable 1993 MiB
Terminal: Screen line buffer initialized
IDE: Initializing Primary Bus...
IDE: Primary Master drive detected!
IDE: Primary Slave drive detected!
FS: IDE Initialized
EXT2: Drive 'A' — label 'A', 4096 bytes/block, BGDT cached
EXT2: Drive 'B' — label 'data', 4096 bytes/block, BGDT cached
EXT2: Active drive set to 'A'
FS: Ext2 driver initialized
FS: Per-process handle system ready
FS: FS initialized
Thread created: TID 1 in PID 0 (new count: 2)
VMM: Expanding heap from FFFFFFFF88429000 to FFFFFFFF8844A000 (needed 20020)
Thread created: TID 2 in PID 0 (new count: 3)
VMM: Expanding heap from FFFFFFFF8844A000 to FFFFFFFF8846B000 (needed 20020)
Thread created: TID 3 in PID 0 (new count: 4)
Threads: Heartbeat threads spawned
VMM: Expanding heap from FFFFFFFF8846B000 to FFFFFFFF88482000 (needed 16820)
VMM: Expanding heap from FFFFFFFF88482000 to FFFFFFFF88499000 (needed 16820)
VMM: Expanding heap from FFFFFFFF88499000 to FFFFFFFF884B0000 (needed 16820)
Terminal: Sessions initialized
--- Initialization Complete. Entering Main Loop ---
